Γû▓ Next.js 16.1.6 (Turbopack)
- Environments: .env

  Creating an optimized production build ...
Γ£ô Compiled successfully in 7.4s
  Running TypeScript ...
  Collecting page data using 11 workers ...
  Generating static pages using 11 workers (0/10) ...
  Generating static pages using 11 workers (2/10) 
  Generating static pages using 11 workers (4/10) 
  Generating static pages using 11 workers (7/10) 
node.exe : Error 
occurred prerendering 
page "/". Read more: htt
ps://nextjs.org/docs/mes
sages/prerender-error
At line:1 char:1
+ & "C:\Program 
Files\nodejs/node.exe" "
C:\Users\Chrisbin\AppDat
a\Roami ...
+ ~~~~~~~~~~~~~~~~~~~~~~
~~~~~~~~~~~~~~~~~~~~~~~~
~~~~~~~~~~~~~~~~~~~~~~~
    + CategoryInfo      
        : NotSpecified  
  : (Error occurred .   
 ..prerender-error:S    
tring) [], RemoteEx    
ception
    + FullyQualifiedErr 
   orId : NativeComman  
  dError
 
ReferenceError: Shirt 
is not defined
    at module 
evaluation (D:\Nextjs\st
itch-flow\.next\server\c
hunks\ssr\src_app_page_e
6bfee3a.js:1:32953)
    at 
instantiateModule (D:\Ne
xtjs\stitch-flow\.next\s
erver\chunks\ssr\[turbop
ack]_runtime.js:740:9)
    at getOrInstantiateM
oduleFromParent (D:\Next
js\stitch-flow\.next\ser
ver\chunks\ssr\[turbopac
k]_runtime.js:763:12)
    at 
Context.commonJsRequire 
[as r] (D:\Nextjs\stitch
-flow\.next\server\chunk
s\ssr\[turbopack]_runtim
e.js:249:12) {
  digest: '3927810854'
}
Export encountered an 
error on /page: /, 
exiting the build.
Γ¿» Next.js build 
worker exited with 
code: 1 and signal: null
